#-----------------------------------------------------------
# Webtalk v2019.1 (64-bit)
# SW Build 2552052 on Fri May 24 14:49:42 MDT 2019
# IP Build 2548770 on Fri May 24 18:01:18 MDT 2019
# Start of session at: Sun Jul 25 00:47:24 2021
# Process ID: 17196
# Current directory: F:/LittleNet_ACC_verilog/LittleNetAcc_2019_1/LittleNetAcc_2019_1.sim/sim_1/impl/func/xsim
# Command line: wbtcv.exe -mode batch -source F:/LittleNet_ACC_verilog/LittleNetAcc_2019_1/LittleNetAcc_2019_1.sim/sim_1/impl/func/xsim/xsim.dir/PointwiseConv2dUnit_tb_func_impl/webtalk/xsim_webtalk.tcl -notrace
# Log file: F:/LittleNet_ACC_verilog/LittleNetAcc_2019_1/LittleNetAcc_2019_1.sim/sim_1/impl/func/xsim/webtalk.log
# Journal file: F:/LittleNet_ACC_verilog/LittleNetAcc_2019_1/LittleNetAcc_2019_1.sim/sim_1/impl/func/xsim\webtalk.jou
#-----------------------------------------------------------
source F:/LittleNet_ACC_verilog/LittleNetAcc_2019_1/LittleNetAcc_2019_1.sim/sim_1/impl/func/xsim/xsim.dir/PointwiseConv2dUnit_tb_func_impl/webtalk/xsim_webtalk.tcl -notrace
