Copyright 1986-2019 Xilinx, Inc. All Rights Reserved.
-------------------------------------------------------------------------------------------------------------------------------------------------------------------
| Tool Version     : Vivado v.2019.1 (win64) Build 2552052 Fri May 24 14:49:42 MDT 2019
| Date             : Mon Aug  2 16:05:29 2021
| Host             : LAPTOP-9SUCMO01 running 64-bit major release  (build 9200)
| Command          : report_power -file LittleNetAccAxi_power_routed.rpt -pb LittleNetAccAxi_power_summary_routed.pb -rpx LittleNetAccAxi_power_routed.rpx
| Design           : LittleNetAccAxi
| Device           : xczu3eg-sbva484-1-i
| Design State     : routed
| Grade            : industrial
| Process          : typical
| Characterization : Production
-------------------------------------------------------------------------------------------------------------------------------------------------------------------

Power Report

Table of Contents
-----------------
1. Summary
1.1 On-Chip Components
1.2 Power Supply Summary
1.3 Confidence Level
2. Settings
2.1 Environment
2.2 Clock Constraints
3. Detailed Reports
3.1 By Hierarchy

1. Summary
----------

+--------------------------+--------------+
| Total On-Chip Power (W)  | 18.213       |
| Design Power Budget (W)  | Unspecified* |
| Power Budget Margin (W)  | NA           |
| Dynamic (W)              | 17.766       |
| Device Static (W)        | 0.447        |
| Effective TJA (C/W)      | 2.7          |
| Max Ambient (C)          | 50.2         |
| Junction Temperature (C) | 74.8         |
| Confidence Level         | Low          |
| Setting File             | ---          |
| Simulation Activity File | ---          |
| Design Nets Matched      | NA           |
+--------------------------+--------------+
* Specify Design Power Budget using, set_operating_conditions -design_power_budget <value in Watts>


1.1 On-Chip Components
----------------------

+-------------------------+-----------+----------+-----------+-----------------+
| On-Chip                 | Power (W) | Used     | Available | Utilization (%) |
+-------------------------+-----------+----------+-----------+-----------------+
| CLB Logic               |     3.342 |    65310 |       --- |             --- |
|   LUT as Logic          |     2.187 |    12756 |     70560 |           18.08 |
|   CARRY8                |     0.429 |     1286 |      8820 |           14.58 |
|   LUT as Shift Register |     0.367 |     3943 |     28800 |           13.69 |
|   Register              |     0.357 |    31746 |    141120 |           22.50 |
|   BUFG                  |     0.002 |        3 |        24 |           12.50 |
|   Others                |     0.000 |     4709 |       --- |             --- |
|   F7/F8 Muxes           |     0.000 |     1020 |     70560 |            1.45 |
| Signals                 |     7.815 |    50855 |       --- |             --- |
| Block RAM               |     4.000 |    207.5 |       216 |           96.06 |
| DSPs                    |     1.825 |      269 |       360 |           74.72 |
| I/O                     |     0.784 |       77 |        82 |           93.90 |
| Static Power            |     0.447 |          |           |                 |
| Total                   |    18.213 |          |           |                 |
+-------------------------+-----------+----------+-----------+-----------------+


1.2 Power Supply Summary
------------------------

+-----------------+-------------+-----------+-------------+------------+
| Source          | Voltage (V) | Total (A) | Dynamic (A) | Static (A) |
+-----------------+-------------+-----------+-------------+------------+
| Vccint          |       0.850 |    20.251 |      19.975 |      0.277 |
| Vccint_io       |       0.850 |     0.210 |       0.171 |      0.039 |
| Vccbram         |       0.850 |     0.012 |       0.007 |      0.005 |
| Vccaux          |       1.800 |     0.049 |       0.000 |      0.049 |
| Vccaux_io       |       1.800 |     0.097 |       0.072 |      0.026 |
| Vcco33          |       3.300 |     0.000 |       0.000 |      0.000 |
| Vcco25          |       2.500 |     0.000 |       0.000 |      0.000 |
| Vcco18          |       1.800 |     0.282 |       0.282 |      0.000 |
| Vcco15          |       1.500 |     0.000 |       0.000 |      0.000 |
| Vcco135         |       1.350 |     0.000 |       0.000 |      0.000 |
| Vcco12          |       1.200 |     0.000 |       0.000 |      0.000 |
| Vcco10          |       1.000 |     0.000 |       0.000 |      0.000 |
| Vccadc          |       1.800 |     0.008 |       0.000 |      0.008 |
| VCC_PSINTFP     |       0.850 |     0.000 |       0.000 |      0.000 |
| VCC_PSINTLP     |       0.850 |     0.020 |       0.000 |      0.020 |
| VPS_MGTRAVCC    |       0.850 |     0.000 |       0.000 |      0.000 |
| VCC_PSINTFP_DDR |       0.850 |     0.000 |       0.000 |      0.000 |
| VCC_PSPLL       |       1.200 |     0.002 |       0.000 |      0.002 |
| VPS_MGTRAVTT    |       1.800 |     0.000 |       0.000 |      0.000 |
| VCCO_PSDDR_504  |       1.200 |     0.000 |       0.000 |      0.000 |
| VCC_PSAUX       |       1.800 |     0.002 |       0.000 |      0.002 |
| VCC_PSBATT      |       1.200 |     0.000 |       0.000 |      0.000 |
| VCC_PSDDR_PLL   |       1.800 |     0.000 |       0.000 |      0.000 |
| VCCO_PSIO0_500  |       3.300 |     0.000 |       0.000 |      0.000 |
| VCCO_PSIO1_501  |       3.300 |     0.000 |       0.000 |      0.000 |
| VCCO_PSIO2_502  |       3.300 |     0.000 |       0.000 |      0.000 |
| VCCO_PSIO3_503  |       3.300 |     0.000 |       0.000 |      0.000 |
| VCC_PSADC       |       1.800 |     0.002 |       0.000 |      0.002 |
+-----------------+-------------+-----------+-------------+------------+
* The Vccint supply current exceeds the maximum limit of the selected package.  See the packaging and pinout user guide for limit values.


1.3 Confidence Level
--------------------

+-----------------------------+------------+--------------------------------------------------------+--------------------------------------------------------------------------------------------------------------------+
| User Input Data             | Confidence | Details                                                | Action                                                                                                             |
+-----------------------------+------------+--------------------------------------------------------+--------------------------------------------------------------------------------------------------------------------+
| Design implementation state | High       | Design is routed                                       |                                                                                                                    |
| Clock nodes activity        | Low        | User specified less than 75% of clocks                 | Provide missing clock activity with a constraint file, simulation results or by editing the "By Clock Domain" view |
| I/O nodes activity          | Low        | More than 75% of inputs are missing user specification | Provide missing input activity with simulation results or by editing the "By Resource Type -> I/Os" view           |
| Internal nodes activity     | Medium     | User specified less than 25% of internal nodes         | Provide missing internal nodes activity with simulation results or by editing the "By Resource Type" views         |
| Device models               | High       | Device models are Production                           |                                                                                                                    |
|                             |            |                                                        |                                                                                                                    |
| Overall confidence level    | Low        |                                                        |                                                                                                                    |
+-----------------------------+------------+--------------------------------------------------------+--------------------------------------------------------------------------------------------------------------------+


2. Settings
-----------

2.1 Environment
---------------

+-----------------------+--------------------------+
| Ambient Temp (C)      | 25.0                     |
| ThetaJA (C/W)         | 2.7                      |
| Airflow (LFM)         | 250                      |
| Heat Sink             | medium (Medium Profile)  |
| ThetaSA (C/W)         | 8.8                      |
| Board Selection       | medium (10"x10")         |
| # of Board Layers     | 12to15 (12 to 15 Layers) |
| Board Temperature (C) | 25.0                     |
+-----------------------+--------------------------+


2.2 Clock Constraints
---------------------

+-------+--------+-----------------+
| Clock | Domain | Constraint (ns) |
+-------+--------+-----------------+


3. Detailed Reports
-------------------

3.1 By Hierarchy
----------------

+---------------------------------------------------+-----------+
| Name                                              | Power (W) |
+---------------------------------------------------+-----------+
| LittleNetAccAxi                                   |    17.766 |
|   clk_IBUF_inst                                   |     0.006 |
|   ln                                              |    15.534 |
|     RAM_0_0                                       |     0.325 |
|       U0                                          |     0.325 |
|     RAM_1_0                                       |     1.650 |
|       U0                                          |     1.650 |
|     RAM_1_1                                       |     0.419 |
|       U0                                          |     0.419 |
|     RAM_2_0                                       |     0.203 |
|       U0                                          |     0.203 |
|     RAM_2_1                                       |     0.453 |
|       U0                                          |     0.453 |
|     RAM_3_0                                       |     0.234 |
|       U0                                          |     0.234 |
|     RAM_3_1                                       |     0.060 |
|       U0                                          |     0.060 |
|     RAM_4_0                                       |     0.123 |
|       U0                                          |     0.123 |
|     RAM_4_1                                       |     0.118 |
|       U0                                          |     0.118 |
|     dw_1_0_weights                                |     0.010 |
|       U0                                          |     0.010 |
|     dw_1_2_weights                                |     0.011 |
|       U0                                          |     0.011 |
|     dw_2_1_weights                                |     0.010 |
|       U0                                          |     0.010 |
|     dw_3_0_weights                                |     0.010 |
|       U0                                          |     0.010 |
|     dw_3_2_weights                                |     0.020 |
|       U0                                          |     0.020 |
|     dw_4_1_weights                                |     0.019 |
|       U0                                          |     0.019 |
|     iv_0_0                                        |     1.190 |
|       delay_of_finish                             |     0.009 |
|       gu                                          |     0.016 |
|       mwu                                         |     1.165 |
|     layer_dw_1_0                                  |     0.116 |
|       LWU                                         |     0.012 |
|       SW_unit                                     |     0.017 |
|       delay_line_of_validity                      |     0.001 |
|       dsp_bn                                      |     0.006 |
|       genblk1[0].dsp_first_no_bias                |     0.006 |
|       genblk1[1].dsp_intermediate                 |     0.006 |
|       genblk1[2].dsp_intermediate                 |     0.006 |
|       genblk1[3].dsp_intermediate                 |     0.006 |
|       genblk1[4].dsp_intermediate                 |     0.006 |
|       genblk1[5].dsp_intermediate                 |     0.006 |
|       genblk1[6].dsp_intermediate                 |     0.006 |
|       genblk1[7].dsp_intermediate                 |     0.006 |
|       genblk1[8].dsp_last                         |     0.006 |
|       mwu                                         |     0.012 |
|     layer_dw_1_2                                  |     0.289 |
|       LWU                                         |     0.019 |
|       SW_unit                                     |     0.159 |
|       delay_line_of_validity                      |     0.001 |
|       dsp_bn                                      |     0.006 |
|       genblk1[0].dsp_first_no_bias                |     0.006 |
|       genblk1[1].dsp_intermediate                 |     0.006 |
|       genblk1[2].dsp_intermediate                 |     0.006 |
|       genblk1[3].dsp_intermediate                 |     0.006 |
|       genblk1[4].dsp_intermediate                 |     0.006 |
|       genblk1[5].dsp_intermediate                 |     0.006 |
|       genblk1[6].dsp_intermediate                 |     0.006 |
|       genblk1[7].dsp_intermediate                 |     0.006 |
|       genblk1[8].dsp_last                         |     0.006 |
|       grouping                                    |     0.002 |
|       mwu                                         |     0.025 |
|     layer_dw_2_1                                  |     0.149 |
|       LWU                                         |     0.005 |
|       SW_unit                                     |     0.010 |
|       dsp_bn                                      |     0.006 |
|       genblk1[0].dsp_first_no_bias                |     0.006 |
|       genblk1[1].dsp_intermediate                 |     0.006 |
|       genblk1[2].dsp_intermediate                 |     0.006 |
|       genblk1[3].dsp_intermediate                 |     0.006 |
|       genblk1[4].dsp_intermediate                 |     0.006 |
|       genblk1[5].dsp_intermediate                 |     0.006 |
|       genblk1[6].dsp_intermediate                 |     0.006 |
|       genblk1[7].dsp_intermediate                 |     0.006 |
|       genblk1[8].dsp_last                         |     0.006 |
|       mwu                                         |     0.057 |
|     layer_dw_3_0                                  |     0.140 |
|       LWU                                         |     0.019 |
|       SW_unit                                     |     0.028 |
|       delay_line_of_validity                      |     0.001 |
|       dsp_bn                                      |     0.006 |
|       genblk1[0].dsp_first_no_bias                |     0.006 |
|       genblk1[1].dsp_intermediate                 |     0.006 |
|       genblk1[2].dsp_intermediate                 |     0.006 |
|       genblk1[3].dsp_intermediate                 |     0.006 |
|       genblk1[4].dsp_intermediate                 |     0.006 |
|       genblk1[5].dsp_intermediate                 |     0.006 |
|       genblk1[6].dsp_intermediate                 |     0.006 |
|       genblk1[7].dsp_intermediate                 |     0.006 |
|       genblk1[8].dsp_last                         |     0.006 |
|       grouping                                    |     0.002 |
|       mwu                                         |     0.017 |
|     layer_dw_3_2                                  |     0.104 |
|       LWU                                         |     0.011 |
|       SW_unit                                     |     0.007 |
|       dsp_bn                                      |     0.006 |
|       genblk1[0].dsp_first_no_bias                |     0.006 |
|       genblk1[1].dsp_intermediate                 |     0.006 |
|       genblk1[2].dsp_intermediate                 |     0.006 |
|       genblk1[3].dsp_intermediate                 |     0.006 |
|       genblk1[4].dsp_intermediate                 |     0.006 |
|       genblk1[5].dsp_intermediate                 |     0.006 |
|       genblk1[6].dsp_intermediate                 |     0.006 |
|       genblk1[7].dsp_intermediate                 |     0.006 |
|       genblk1[8].dsp_last                         |     0.006 |
|       mwu                                         |     0.017 |
|     layer_dw_4_1                                  |     0.149 |
|       LWU                                         |     0.026 |
|       SW_unit                                     |     0.016 |
|       delay_line_of_validity                      |     0.002 |
|       dsp_bn                                      |     0.006 |
|       genblk1[0].dsp_first_no_bias                |     0.006 |
|       genblk1[1].dsp_intermediate                 |     0.006 |
|       genblk1[2].dsp_intermediate                 |     0.006 |
|       genblk1[3].dsp_intermediate                 |     0.006 |
|       genblk1[4].dsp_intermediate                 |     0.006 |
|       genblk1[5].dsp_intermediate                 |     0.006 |
|       genblk1[6].dsp_intermediate                 |     0.006 |
|       genblk1[7].dsp_intermediate                 |     0.006 |
|       genblk1[8].dsp_last                         |     0.006 |
|       grouping                                    |     0.002 |
|       mwu                                         |     0.032 |
|     layer_pw_1_1                                  |     1.413 |
|       data_point_streamer                         |     0.025 |
|       delay_of_all_in_stream                      |     0.004 |
|       delay_of_in_data_by_cyclic_streamer_latency |     0.007 |
|       genblk1[0].pw_unit                          |     0.018 |
|       genblk1[10].pw_unit                         |     0.018 |
|       genblk1[11].pw_unit                         |     0.019 |
|       genblk1[12].pw_unit                         |     0.018 |
|       genblk1[13].pw_unit                         |     0.019 |
|       genblk1[14].pw_unit                         |     0.019 |
|       genblk1[15].pw_unit                         |     0.018 |
|       genblk1[1].pw_unit                          |     0.018 |
|       genblk1[2].pw_unit                          |     0.018 |
|       genblk1[3].pw_unit                          |     0.018 |
|       genblk1[4].pw_unit                          |     0.018 |
|       genblk1[5].pw_unit                          |     0.018 |
|       genblk1[6].pw_unit                          |     0.018 |
|       genblk1[7].pw_unit                          |     0.020 |
|       genblk1[8].pw_unit                          |     0.019 |
|       genblk1[9].pw_unit                          |     0.018 |
|       genblk3[10].grouping                        |     0.002 |
|       mp2d                                        |     0.069 |
|       mwu                                         |     0.738 |
|       weight_cyclic_streamer                      |     0.260 |
|     layer_pw_2_0                                  |     0.776 |
|       data_point_streamer                         |     0.052 |
|       delay_of_all_in_stream                      |     0.002 |
|       delay_of_in_data_by_cyclic_streamer_latency |     0.044 |
|       genblk1[0].pw_unit                          |     0.016 |
|       genblk1[10].pw_unit                         |     0.015 |
|       genblk1[11].pw_unit                         |     0.015 |
|       genblk1[12].pw_unit                         |     0.015 |
|       genblk1[13].pw_unit                         |     0.017 |
|       genblk1[14].pw_unit                         |     0.015 |
|       genblk1[15].pw_unit                         |     0.024 |
|       genblk1[1].pw_unit                          |     0.016 |
|       genblk1[2].pw_unit                          |     0.015 |
|       genblk1[3].pw_unit                          |     0.015 |
|       genblk1[4].pw_unit                          |     0.015 |
|       genblk1[5].pw_unit                          |     0.015 |
|       genblk1[6].pw_unit                          |     0.015 |
|       genblk1[7].pw_unit                          |     0.015 |
|       genblk1[8].pw_unit                          |     0.016 |
|       genblk1[9].pw_unit                          |     0.016 |
|       mp2d                                        |     0.023 |
|       mwu                                         |     0.378 |
|       weight_cyclic_streamer                      |     0.010 |
|     layer_pw_2_2                                  |     1.714 |
|       data_point_streamer                         |     0.032 |
|       delay_of_all_in_stream                      |     0.001 |
|       delay_of_in_data_by_cyclic_streamer_latency |     0.087 |
|       genblk1[0].pw_unit                          |     0.020 |
|       genblk1[10].pw_unit                         |     0.019 |
|       genblk1[11].pw_unit                         |     0.019 |
|       genblk1[12].pw_unit                         |     0.018 |
|       genblk1[13].pw_unit                         |     0.019 |
|       genblk1[14].pw_unit                         |     0.018 |
|       genblk1[15].pw_unit                         |     0.020 |
|       genblk1[1].pw_unit                          |     0.019 |
|       genblk1[2].pw_unit                          |     0.020 |
|       genblk1[3].pw_unit                          |     0.018 |
|       genblk1[4].pw_unit                          |     0.019 |
|       genblk1[5].pw_unit                          |     0.019 |
|       genblk1[6].pw_unit                          |     0.019 |
|       genblk1[7].pw_unit                          |     0.019 |
|       genblk1[8].pw_unit                          |     0.019 |
|       genblk1[9].pw_unit                          |     0.022 |
|       genblk3[10].grouping                        |     0.002 |
|       mp2d                                        |     0.032 |
|       mwu                                         |     0.964 |
|       weight_cyclic_streamer                      |     0.280 |
|     layer_pw_3_1                                  |     0.702 |
|       data_point_streamer                         |     0.021 |
|       delay_of_in_data_by_cyclic_streamer_latency |     0.070 |
|       genblk1[0].pw_unit                          |     0.017 |
|       genblk1[10].pw_unit                         |     0.016 |
|       genblk1[11].pw_unit                         |     0.016 |
|       genblk1[12].pw_unit                         |     0.017 |
|       genblk1[13].pw_unit                         |     0.016 |
|       genblk1[14].pw_unit                         |     0.016 |
|       genblk1[15].pw_unit                         |     0.016 |
|       genblk1[1].pw_unit                          |     0.016 |
|       genblk1[2].pw_unit                          |     0.016 |
|       genblk1[3].pw_unit                          |     0.016 |
|       genblk1[4].pw_unit                          |     0.017 |
|       genblk1[5].pw_unit                          |     0.016 |
|       genblk1[6].pw_unit                          |     0.016 |
|       genblk1[7].pw_unit                          |     0.016 |
|       genblk1[8].pw_unit                          |     0.017 |
|       genblk1[9].pw_unit                          |     0.017 |
|       genblk3[10].grouping                        |     0.001 |
|       mp2d                                        |     0.011 |
|       mwu                                         |     0.313 |
|       weight_cyclic_streamer                      |     0.015 |
|     layer_pw_4_0                                  |     1.785 |
|       data_point_streamer                         |     0.037 |
|       delay_of_in_data_by_cyclic_streamer_latency |     0.150 |
|       genblk1[0].pw_unit                          |     0.027 |
|       genblk1[10].pw_unit                         |     0.027 |
|       genblk1[11].pw_unit                         |     0.026 |
|       genblk1[12].pw_unit                         |     0.027 |
|       genblk1[13].pw_unit                         |     0.027 |
|       genblk1[14].pw_unit                         |     0.028 |
|       genblk1[15].pw_unit                         |     0.027 |
|       genblk1[1].pw_unit                          |     0.027 |
|       genblk1[2].pw_unit                          |     0.031 |
|       genblk1[3].pw_unit                          |     0.027 |
|       genblk1[4].pw_unit                          |     0.032 |
|       genblk1[5].pw_unit                          |     0.029 |
|       genblk1[6].pw_unit                          |     0.029 |
|       genblk1[7].pw_unit                          |     0.030 |
|       genblk1[8].pw_unit                          |     0.028 |
|       genblk1[9].pw_unit                          |     0.026 |
|       genblk3[10].grouping                        |     0.001 |
|       mwu                                         |     0.871 |
|       weight_cyclic_streamer                      |     0.269 |
|     layer_pw_4_2                                  |     0.668 |
|       data_point_streamer                         |     0.021 |
|       delay_of_in_data_by_cyclic_streamer_latency |     0.005 |
|       genblk1[0].pw_unit                          |     0.016 |
|       genblk1[10].pw_unit                         |     0.016 |
|       genblk1[11].pw_unit                         |     0.015 |
|       genblk1[12].pw_unit                         |     0.016 |
|       genblk1[13].pw_unit                         |     0.016 |
|       genblk1[14].pw_unit                         |     0.016 |
|       genblk1[15].pw_unit                         |     0.015 |
|       genblk1[1].pw_unit                          |     0.016 |
|       genblk1[2].pw_unit                          |     0.015 |
|       genblk1[3].pw_unit                          |     0.016 |
|       genblk1[4].pw_unit                          |     0.016 |
|       genblk1[5].pw_unit                          |     0.015 |
|       genblk1[6].pw_unit                          |     0.016 |
|       genblk1[7].pw_unit                          |     0.016 |
|       genblk1[8].pw_unit                          |     0.015 |
|       genblk1[9].pw_unit                          |     0.016 |
|       mwu                                         |     0.362 |
|       weight_cyclic_streamer                      |     0.023 |
|     layer_pw_5_0                                  |     0.188 |
|       data_point_streamer                         |     0.063 |
|       delay_of_in_data_by_cyclic_streamer_latency |     0.017 |
|       genblk1[0].pw_unit                          |     0.018 |
|       genblk1[1].pw_unit                          |     0.019 |
|       genblk1[2].pw_unit                          |     0.018 |
|       genblk1[3].pw_unit                          |     0.018 |
|       genblk1[4].pw_unit                          |     0.021 |
|       mfu                                         |     0.002 |
|       weight_cyclic_streamer                      |     0.009 |
|     pw_1_1_weights                                |     0.051 |
|       U0                                          |     0.051 |
|     pw_2_0_weights                                |     0.039 |
|       U0                                          |     0.039 |
|     pw_2_2_weights                                |     0.052 |
|       U0                                          |     0.052 |
|     pw_3_1_weights                                |     0.114 |
|       U0                                          |     0.114 |
|     pw_4_0_weights                                |     0.226 |
|       U0                                          |     0.226 |
|     pw_4_2_weights                                |     0.317 |
|       U0                                          |     0.317 |
|     pw_5_0_weights                                |     0.030 |
|       U0                                          |     0.030 |
|     ram_1_0_read_selector                         |     0.177 |
|     ram_1_0_write_selector                        |     0.383 |
|     ram_2_0_read_selector                         |     0.037 |
|     ram_2_0_write_selector                        |     0.147 |
|     ram_3_0_read_selector                         |     0.050 |
|     ram_3_0_write_selector                        |     0.047 |
|     ram_4_0_read_selector                         |     0.013 |
|     ram_4_0_write_selector                        |     0.017 |
|   m_axis_clk_IBUF_inst                            |     0.006 |
|   m_axis_tready_IBUF_inst                         |     0.016 |
|   receiver                                        |     0.034 |
|   s_axis_clk_IBUF_inst                            |     0.006 |
|   s_axis_tdata_IBUF[0]_inst                       |     0.014 |
|   s_axis_tdata_IBUF[10]_inst                      |     0.013 |
|   s_axis_tdata_IBUF[11]_inst                      |     0.013 |
|   s_axis_tdata_IBUF[12]_inst                      |     0.013 |
|   s_axis_tdata_IBUF[13]_inst                      |     0.012 |
|   s_axis_tdata_IBUF[14]_inst                      |     0.012 |
|   s_axis_tdata_IBUF[15]_inst                      |     0.012 |
|   s_axis_tdata_IBUF[16]_inst                      |     0.012 |
|   s_axis_tdata_IBUF[17]_inst                      |     0.012 |
|   s_axis_tdata_IBUF[18]_inst                      |     0.012 |
|   s_axis_tdata_IBUF[19]_inst                      |     0.012 |
|   s_axis_tdata_IBUF[1]_inst                       |     0.013 |
|   s_axis_tdata_IBUF[20]_inst                      |     0.012 |
|   s_axis_tdata_IBUF[21]_inst                      |     0.012 |
|   s_axis_tdata_IBUF[22]_inst                      |     0.011 |
|   s_axis_tdata_IBUF[23]_inst                      |     0.011 |
|   s_axis_tdata_IBUF[24]_inst                      |     0.011 |
|   s_axis_tdata_IBUF[25]_inst                      |     0.011 |
|   s_axis_tdata_IBUF[26]_inst                      |     0.011 |
|   s_axis_tdata_IBUF[27]_inst                      |     0.011 |
|   s_axis_tdata_IBUF[28]_inst                      |     0.011 |
|   s_axis_tdata_IBUF[29]_inst                      |     0.011 |
|   s_axis_tdata_IBUF[2]_inst                       |     0.015 |
|   s_axis_tdata_IBUF[30]_inst                      |     0.010 |
|   s_axis_tdata_IBUF[31]_inst                      |     0.011 |
|   s_axis_tdata_IBUF[3]_inst                       |     0.013 |
|   s_axis_tdata_IBUF[4]_inst                       |     0.014 |
|   s_axis_tdata_IBUF[5]_inst                       |     0.013 |
|   s_axis_tdata_IBUF[6]_inst                       |     0.013 |
|   s_axis_tdata_IBUF[7]_inst                       |     0.013 |
|   s_axis_tdata_IBUF[8]_inst                       |     0.013 |
|   s_axis_tdata_IBUF[9]_inst                       |     0.013 |
|   s_axis_tvalid_IBUF_inst                         |     0.016 |
|   sender                                          |     0.009 |
+---------------------------------------------------+-----------+


